###############################################################################
#
# IAR ELF Linker V7.70.1.11437/W32 for ARM                13/Feb/2017  12:15:58
# Copyright 2007-2016 IAR Systems AB.
#
#    Output file  =  
#        C:\Users\Dell\Desktop\iarfirstproject\Debug\Exe\first project.out
#    Map file     =  
#        C:\Users\Dell\Desktop\iarfirstproject\Debug\List\first project.map
#    Command line =  
#        C:\Users\Dell\Desktop\iarfirstproject\Debug\Obj\main.o
#        C:\Users\Dell\Desktop\iarfirstproject\Debug\Obj\misc.o
#        C:\Users\Dell\Desktop\iarfirstproject\Debug\Obj\startup_stm32f4xx.o
#        C:\Users\Dell\Desktop\iarfirstproject\Debug\Obj\stm32f4_discovery.o
#        C:\Users\Dell\Desktop\iarfirstproject\Debug\Obj\stm32f4xx_adc.o
#        C:\Users\Dell\Desktop\iarfirstproject\Debug\Obj\stm32f4xx_gpio.o
#        C:\Users\Dell\Desktop\iarfirstproject\Debug\Obj\stm32f4xx_i2c.o
#        C:\Users\Dell\Desktop\iarfirstproject\Debug\Obj\stm32f4xx_it.o
#        C:\Users\Dell\Desktop\iarfirstproject\Debug\Obj\stm32f4xx_rcc.o
#        C:\Users\Dell\Desktop\iarfirstproject\Debug\Obj\system_stm32f4xx.o -o
#        "C:\Users\Dell\Desktop\iarfirstproject\Debug\Exe\first project.out"
#        --redirect _Printf=_PrintfFull --redirect _Scanf=_ScanfFull --map
#        "C:\Users\Dell\Desktop\iarfirstproject\Debug\List\first project.map"
#        --config "C:\Users\Dell\Desktop\iarfirstproject\first project.icf"
#        --semihosting --entry __iar_program_start --vfe
#
###############################################################################

*******************************************************************************
*** RUNTIME MODEL ATTRIBUTES
***

CppFlavor       = *
__SystemLibrary = DLib


*******************************************************************************
*** PLACEMENT SUMMARY
***

"A0":  place at 0x08000000 { ro section .intvec };
"P1":  place in [from 0x08000000 to 0x0807ffff] { ro };
"P2":  place in [from 0x20000000 to 0x2001ffff] { rw, block CSTACK, block HEAP };
initialize by copy { rw };

  Section            Kind        Address    Size  Object
  -------            ----        -------    ----  ------
"A0":                                      0x188
  .intvec            ro code  0x08000000   0x188  startup_stm32f4xx.o [1]
                            - 0x08000188   0x188

"P1":                                      0x974
  .text              ro code  0x08000188   0x1ce  stm32f4xx_i2c.o [1]
  .text              ro code  0x08000358   0x134  stm32f4xx_rcc.o [1]
  .text              ro code  0x0800048c   0x1c0  main.o [1]
  .text              ro code  0x0800064c    0xf4  stm32f4xx_gpio.o [1]
  .text              ro code  0x08000740   0x144  system_stm32f4xx.o [1]
  .text              ro code  0x08000884    0x30  stm32f4xx_it.o [1]
  .text              ro code  0x080008b4    0x2c  copy_init3.o [4]
  .text              ro code  0x080008e0    0x28  data_init.o [4]
  .iar.init_table    const    0x08000908    0x14  - Linker created -
  .text              ro code  0x0800091c    0x1a  cmain.o [4]
  .text              ro code  0x08000936     0x4  low_level_init.o [3]
  .text              ro code  0x0800093a     0x4  exit.o [3]
  .text              ro code  0x08000940     0xa  cexit.o [4]
  .text              ro code  0x0800094c    0x14  exit.o [5]
  Initializer bytes  const    0x08000960    0x14  <for P2-1>
  .text              ro code  0x08000974    0x10  startup_stm32f4xx.o [1]
  .text              ro code  0x08000984     0xc  cstartup_M.o [4]
  .text              ro code  0x08000990     0x4  startup_stm32f4xx.o [1]
  .text              ro code  0x08000994     0x4  startup_stm32f4xx.o [1]
  .text              ro code  0x08000998     0x4  startup_stm32f4xx.o [1]
  .text              ro code  0x0800099c     0x4  startup_stm32f4xx.o [1]
  .text              ro code  0x080009a0     0x4  startup_stm32f4xx.o [1]
  .text              ro code  0x080009a4     0x4  startup_stm32f4xx.o [1]
  .text              ro code  0x080009a8     0x4  startup_stm32f4xx.o [1]
  .text              ro code  0x080009ac     0x4  startup_stm32f4xx.o [1]
  .text              ro code  0x080009b0     0x4  startup_stm32f4xx.o [1]
  .text              ro code  0x080009b4     0x4  startup_stm32f4xx.o [1]
  .text              ro code  0x080009b8     0x4  startup_stm32f4xx.o [1]
  .text              ro code  0x080009bc     0x4  startup_stm32f4xx.o [1]
  .text              ro code  0x080009c0     0x4  startup_stm32f4xx.o [1]
  .text              ro code  0x080009c4     0x4  startup_stm32f4xx.o [1]
  .text              ro code  0x080009c8     0x4  startup_stm32f4xx.o [1]
  .text              ro code  0x080009cc     0x4  startup_stm32f4xx.o [1]
  .text              ro code  0x080009d0     0x4  startup_stm32f4xx.o [1]
  .text              ro code  0x080009d4     0x4  startup_stm32f4xx.o [1]
  .text              ro code  0x080009d8     0x4  startup_stm32f4xx.o [1]
  .text              ro code  0x080009dc     0x4  startup_stm32f4xx.o [1]
  .text              ro code  0x080009e0     0x4  startup_stm32f4xx.o [1]
  .text              ro code  0x080009e4     0x4  startup_stm32f4xx.o [1]
  .text              ro code  0x080009e8     0x4  startup_stm32f4xx.o [1]
  .text              ro code  0x080009ec     0x4  startup_stm32f4xx.o [1]
  .text              ro code  0x080009f0     0x4  startup_stm32f4xx.o [1]
  .text              ro code  0x080009f4     0x4  startup_stm32f4xx.o [1]
  .text              ro code  0x080009f8     0x4  startup_stm32f4xx.o [1]
  .text              ro code  0x080009fc     0x4  startup_stm32f4xx.o [1]
  .text              ro code  0x08000a00     0x4  startup_stm32f4xx.o [1]
  .text              ro code  0x08000a04     0x4  startup_stm32f4xx.o [1]
  .text              ro code  0x08000a08     0x4  startup_stm32f4xx.o [1]
  .text              ro code  0x08000a0c     0x4  startup_stm32f4xx.o [1]
  .text              ro code  0x08000a10     0x4  startup_stm32f4xx.o [1]
  .text              ro code  0x08000a14     0x4  startup_stm32f4xx.o [1]
  .text              ro code  0x08000a18     0x4  startup_stm32f4xx.o [1]
  .text              ro code  0x08000a1c     0x4  startup_stm32f4xx.o [1]
  .text              ro code  0x08000a20     0x4  startup_stm32f4xx.o [1]
  .text              ro code  0x08000a24     0x4  startup_stm32f4xx.o [1]
  .text              ro code  0x08000a28     0x4  startup_stm32f4xx.o [1]
  .text              ro code  0x08000a2c     0x4  startup_stm32f4xx.o [1]
  .text              ro code  0x08000a30     0x4  startup_stm32f4xx.o [1]
  .text              ro code  0x08000a34     0x4  startup_stm32f4xx.o [1]
  .text              ro code  0x08000a38     0x4  startup_stm32f4xx.o [1]
  .text              ro code  0x08000a3c     0x4  startup_stm32f4xx.o [1]
  .text              ro code  0x08000a40     0x4  startup_stm32f4xx.o [1]
  .text              ro code  0x08000a44     0x4  startup_stm32f4xx.o [1]
  .text              ro code  0x08000a48     0x4  startup_stm32f4xx.o [1]
  .text              ro code  0x08000a4c     0x4  startup_stm32f4xx.o [1]
  .text              ro code  0x08000a50     0x4  startup_stm32f4xx.o [1]
  .text              ro code  0x08000a54     0x4  startup_stm32f4xx.o [1]
  .text              ro code  0x08000a58     0x4  startup_stm32f4xx.o [1]
  .text              ro code  0x08000a5c     0x4  startup_stm32f4xx.o [1]
  .text              ro code  0x08000a60     0x4  startup_stm32f4xx.o [1]
  .text              ro code  0x08000a64     0x4  startup_stm32f4xx.o [1]
  .text              ro code  0x08000a68     0x4  startup_stm32f4xx.o [1]
  .text              ro code  0x08000a6c     0x4  startup_stm32f4xx.o [1]
  .text              ro code  0x08000a70     0x4  startup_stm32f4xx.o [1]
  .text              ro code  0x08000a74     0x4  startup_stm32f4xx.o [1]
  .text              ro code  0x08000a78     0x4  startup_stm32f4xx.o [1]
  .text              ro code  0x08000a7c     0x4  startup_stm32f4xx.o [1]
  .text              ro code  0x08000a80     0x4  startup_stm32f4xx.o [1]
  .text              ro code  0x08000a84     0x4  startup_stm32f4xx.o [1]
  .text              ro code  0x08000a88     0x4  startup_stm32f4xx.o [1]
  .text              ro code  0x08000a8c     0x4  startup_stm32f4xx.o [1]
  .text              ro code  0x08000a90     0x4  startup_stm32f4xx.o [1]
  .text              ro code  0x08000a94     0x4  startup_stm32f4xx.o [1]
  .text              ro code  0x08000a98     0x4  startup_stm32f4xx.o [1]
  .text              ro code  0x08000a9c     0x4  startup_stm32f4xx.o [1]
  .text              ro code  0x08000aa0     0x4  startup_stm32f4xx.o [1]
  .text              ro code  0x08000aa4     0x4  startup_stm32f4xx.o [1]
  .text              ro code  0x08000aa8     0x4  startup_stm32f4xx.o [1]
  .text              ro code  0x08000aac     0x4  startup_stm32f4xx.o [1]
  .text              ro code  0x08000ab0     0x4  startup_stm32f4xx.o [1]
  .text              ro code  0x08000ab4     0x4  startup_stm32f4xx.o [1]
  .text              ro code  0x08000ab8     0x4  startup_stm32f4xx.o [1]
  .text              ro code  0x08000abc     0x4  startup_stm32f4xx.o [1]
  .text              ro code  0x08000ac0     0x4  startup_stm32f4xx.o [1]
  .text              ro code  0x08000ac4     0x4  startup_stm32f4xx.o [1]
  .text              ro code  0x08000ac8     0x4  startup_stm32f4xx.o [1]
  .text              ro code  0x08000acc     0x4  startup_stm32f4xx.o [1]
  .text              ro code  0x08000ad0     0x4  startup_stm32f4xx.o [1]
  .text              ro code  0x08000ad4     0x4  startup_stm32f4xx.o [1]
  .text              ro code  0x08000ad8     0x4  startup_stm32f4xx.o [1]
  .text              ro code  0x08000adc     0x4  startup_stm32f4xx.o [1]
  .text              ro code  0x08000ae0     0x4  startup_stm32f4xx.o [1]
  .text              ro code  0x08000ae4     0x4  startup_stm32f4xx.o [1]
  .text              ro code  0x08000ae8     0x4  startup_stm32f4xx.o [1]
  .text              ro code  0x08000aec     0x4  startup_stm32f4xx.o [1]
  .text              ro code  0x08000af0     0x4  startup_stm32f4xx.o [1]
  .text              ro code  0x08000af4     0x4  startup_stm32f4xx.o [1]
  .text              ro code  0x08000af8     0x4  startup_stm32f4xx.o [1]
  .rodata            const    0x08000afc     0x0  copy_init3.o [4]
                            - 0x08000afc   0x974

"P2", part 1 of 2:                          0x14
  P2-1                        0x20000000    0x14  <Init block>
    .data            inited   0x20000000    0x10  stm32f4xx_rcc.o [1]
    .bss             inited   0x20000010     0x4  stm32f4xx_it.o [1]
                            - 0x20000014    0x14

"P2", part 2 of 2:                        0x2000
  CSTACK                      0x20000018  0x2000  <Block>
    CSTACK           uninit   0x20000018  0x2000  <Block tail>
                            - 0x20002018  0x2000


*******************************************************************************
*** INIT TABLE
***

          Address     Size
          -------     ----
Copy (__iar_copy_init3)
    1 source range, total size 0x14:
          0x08000960  0x14
    1 destination range, total size 0x14:
          0x20000000  0x14



*******************************************************************************
*** MODULE SUMMARY
***

    Module               ro code  ro data  rw data
    ------               -------  -------  -------
C:\Users\Dell\Desktop\iarfirstproject\Debug\Obj: [1]
    main.o                   448
    startup_stm32f4xx.o      772
    stm32f4xx_gpio.o         244
    stm32f4xx_i2c.o          462
    stm32f4xx_it.o            48        4        4
    stm32f4xx_rcc.o          308       16       16
    system_stm32f4xx.o       324
    ----------------------------------------------
    Total:                 2 606       20       20

command line: [2]
    ----------------------------------------------
    Total:

dl7M_tln.a: [3]
    exit.o                     4
    low_level_init.o           4
    ----------------------------------------------
    Total:                     8

rt7M_tl.a: [4]
    cexit.o                   10
    cmain.o                   26
    copy_init3.o              44
    cstartup_M.o              12
    data_init.o               40
    ----------------------------------------------
    Total:                   132

shb_l.a: [5]
    exit.o                    20
    ----------------------------------------------
    Total:                    20

    Gaps                       6
    Linker created                     20    8 192
--------------------------------------------------
    Grand Total:           2 772       40    8 212


*******************************************************************************
*** ENTRY LIST
***

Entry                      Address  Size  Type      Object
-----                      -------  ----  ----      ------
.iar.init_table$$Base   0x08000908         --   Gb  - Linker created -
.iar.init_table$$Limit  0x0800091c         --   Gb  - Linker created -
?main                   0x0800091d        Code  Gb  cmain.o [4]
APBAHBPrescTable        0x20000000  0x10  Data  Lc  stm32f4xx_rcc.o [1]
BusFault_Handler        0x0800088b   0x2  Code  Gb  stm32f4xx_it.o [1]
CSTACK$$Base            0x20000018         --   Gb  - Linker created -
CSTACK$$Limit           0x20002018         --   Gb  - Linker created -
DebugMon_Handler        0x08000891   0x2  Code  Gb  stm32f4xx_it.o [1]
GPIO_Init               0x0800064d  0xa4  Code  Gb  stm32f4xx_gpio.o [1]
GPIO_PinAFConfig        0x080006f1  0x50  Code  Gb  stm32f4xx_gpio.o [1]
HardFault_Handler       0x08000887   0x2  Code  Gb  stm32f4xx_it.o [1]
I2C_AcknowledgeConfig   0x080002c3  0x1c  Code  Gb  stm32f4xx_i2c.o [1]
I2C_CheckEvent          0x080002eb  0x2a  Code  Gb  stm32f4xx_i2c.o [1]
I2C_Cmd                 0x08000259  0x1c  Code  Gb  stm32f4xx_i2c.o [1]
I2C_GenerateSTART       0x08000275  0x1c  Code  Gb  stm32f4xx_i2c.o [1]
I2C_GenerateSTOP        0x08000291  0x1c  Code  Gb  stm32f4xx_i2c.o [1]
I2C_GetFlagStatus       0x08000315  0x42  Code  Gb  stm32f4xx_i2c.o [1]
I2C_Init                0x08000189  0xc0  Code  Gb  stm32f4xx_i2c.o [1]
I2C_ReceiveData         0x080002e5   0x6  Code  Gb  stm32f4xx_i2c.o [1]
I2C_Send7bitAddress     0x080002ad  0x16  Code  Gb  stm32f4xx_i2c.o [1]
I2C_SendData            0x080002df   0x6  Code  Gb  stm32f4xx_i2c.o [1]
I2C_read_ack            0x0800058f  0x22  Code  Gb  main.o [1]
I2C_read_nack           0x080005b1  0x2a  Code  Gb  main.o [1]
I2C_start               0x08000515  0x60  Code  Gb  main.o [1]
I2C_stop                0x080005db   0xa  Code  Gb  main.o [1]
I2C_write               0x08000575  0x1a  Code  Gb  main.o [1]
MemManage_Handler       0x08000889   0x2  Code  Gb  stm32f4xx_it.o [1]
NMI_Handler             0x08000885   0x2  Code  Gb  stm32f4xx_it.o [1]
PendSV_Handler          0x08000893   0x2  Code  Gb  stm32f4xx_it.o [1]
RCC_AHB1PeriphClockCmd  0x08000431  0x20  Code  Gb  stm32f4xx_rcc.o [1]
RCC_APB1PeriphClockCmd  0x08000451  0x20  Code  Gb  stm32f4xx_rcc.o [1]
RCC_GetClocksFreq       0x08000359  0xd8  Code  Gb  stm32f4xx_rcc.o [1]
Region$$Table$$Base     0x08000908         --   Gb  - Linker created -
Region$$Table$$Limit    0x0800091c         --   Gb  - Linker created -
SVC_Handler             0x0800088f   0x2  Code  Gb  stm32f4xx_it.o [1]
SetSysClock             0x08000787  0xce  Code  Lc  system_stm32f4xx.o [1]
SysTick_Handler         0x08000895  0x14  Code  Gb  stm32f4xx_it.o [1]
SystemInit              0x08000741  0x46  Code  Gb  system_stm32f4xx.o [1]
TIM1_CC_IRQHandler      0x080008b3   0x2  Code  Gb  stm32f4xx_it.o [1]
TIM2_IRQHandler         0x080008ad   0x2  Code  Gb  stm32f4xx_it.o [1]
TIM3_IRQHandler         0x080008af   0x2  Code  Gb  stm32f4xx_it.o [1]
TIM4_IRQHandler         0x080008b1   0x2  Code  Gb  stm32f4xx_it.o [1]
UsageFault_Handler      0x0800088d   0x2  Code  Gb  stm32f4xx_it.o [1]
__cmain                 0x0800091d        Code  Gb  cmain.o [4]
__exit                  0x0800094d  0x14  Code  Gb  exit.o [5]
__iar_copy_init3        0x080008b5  0x2c  Code  Gb  copy_init3.o [4]
__iar_data_init3        0x080008e1  0x28  Code  Gb  data_init.o [4]
__iar_program_start     0x08000985        Code  Gb  cstartup_M.o [4]
__low_level_init        0x08000937   0x4  Code  Gb  low_level_init.o [3]
__vector_table          0x08000000        Data  Gb  startup_stm32f4xx.o [1]
_call_main              0x08000929        Code  Gb  cmain.o [4]
_exit                   0x08000941        Code  Gb  cexit.o [4]
_main                   0x08000933        Code  Gb  cmain.o [4]
exit                    0x0800093b   0x4  Code  Gb  exit.o [3]
init_I2C1               0x0800048d  0x88  Code  Gb  main.o [1]
main                    0x080005e5  0x46  Code  Gb  main.o [1]
timingDelay             0x20000010   0x4  Data  Gb  stm32f4xx_it.o [1]


[1] = C:\Users\Dell\Desktop\iarfirstproject\Debug\Obj
[2] = command line
[3] = dl7M_tln.a
[4] = rt7M_tl.a
[5] = shb_l.a

  2 772 bytes of readonly  code memory
     40 bytes of readonly  data memory
  8 212 bytes of readwrite data memory

Errors: none
Warnings: none
