###############################################################################
#
# IAR ELF Linker V7.70.1.11437/W32 for ARM                17/Feb/2017  04:53:07
# Copyright 2007-2016 IAR Systems AB.
#
#    Output file  =  
#        C:\Users\Dell\Desktop\iarfirstproject\Debug\Exe\first project.out
#    Map file     =  
#        C:\Users\Dell\Desktop\iarfirstproject\Debug\List\first project.map
#    Command line =  
#        C:\Users\Dell\Desktop\iarfirstproject\Debug\Obj\main.o
#        C:\Users\Dell\Desktop\iarfirstproject\Debug\Obj\misc.o
#        C:\Users\Dell\Desktop\iarfirstproject\Debug\Obj\startup_stm32f4xx.o
#        C:\Users\Dell\Desktop\iarfirstproject\Debug\Obj\stm32f4_discovery.o
#        C:\Users\Dell\Desktop\iarfirstproject\Debug\Obj\stm32f4xx_adc.o
#        C:\Users\Dell\Desktop\iarfirstproject\Debug\Obj\stm32f4xx_gpio.o
#        C:\Users\Dell\Desktop\iarfirstproject\Debug\Obj\stm32f4xx_i2c.o
#        C:\Users\Dell\Desktop\iarfirstproject\Debug\Obj\stm32f4xx_it.o
#        C:\Users\Dell\Desktop\iarfirstproject\Debug\Obj\stm32f4xx_rcc.o
#        C:\Users\Dell\Desktop\iarfirstproject\Debug\Obj\system_stm32f4xx.o -o
#        "C:\Users\Dell\Desktop\iarfirstproject\Debug\Exe\first project.out"
#        --redirect _Printf=_PrintfFull --redirect _Scanf=_ScanfFull --map
#        "C:\Users\Dell\Desktop\iarfirstproject\Debug\List\first project.map"
#        --config "C:\Users\Dell\Desktop\iarfirstproject\first project.icf"
#        --semihosting --entry __iar_program_start --vfe
#
###############################################################################

*******************************************************************************
*** RUNTIME MODEL ATTRIBUTES
***

CppFlavor       = *
__SystemLibrary = DLib


*******************************************************************************
*** PLACEMENT SUMMARY
***

"A0":  place at 0x08000000 { ro section .intvec };
"P1":  place in [from 0x08000000 to 0x0807ffff] { ro };
"P2":  place in [from 0x20000000 to 0x2001ffff] { rw, block CSTACK, block HEAP };
initialize by copy { rw };

  Section            Kind        Address    Size  Object
  -------            ----        -------    ----  ------
"A0":                                      0x188
  .intvec            ro code  0x08000000   0x188  startup_stm32f4xx.o [1]
                            - 0x08000188   0x188

"P1":                                     0x1ec8
  .text              ro code  0x08000188   0xdca  xprintffull.o [3]
  .text              ro code  0x08000f54    0x16  strchr.o [5]
  .text              ro code  0x08000f6c    0x36  strlen.o [5]
  .text              ro code  0x08000fa4    0x58  memchr.o [5]
  .text              ro code  0x08000ffc    0xee  I64DivMod.o [5]
  .text              ro code  0x080010ec    0x76  ABImemcpy_unaligned.o [5]
  .text              ro code  0x08001162    0x44  xdnorm.o [4]
  .text              ro code  0x080011a8    0x2e  DblCmpLe.o [4]
  .text              ro code  0x080011d8    0x2e  DblCmpGe.o [4]
  .text              ro code  0x08001208   0x10c  xdscale.o [4]
  .text              ro code  0x08001314    0x58  DblToI32.o [4]
  .text              ro code  0x0800136c    0x30  I32ToDbl.o [4]
  .text              ro code  0x0800139c   0x180  DblSub.o [4]
  .text              ro code  0x0800151c   0x1a2  DblMul.o [4]
  .text              ro code  0x080016c0   0x256  DblDiv.o [4]
  .text              ro code  0x08001916     0xe  div.o [3]
  .text              ro code  0x08001924     0x2  I64DivZer.o [5]
  .text              ro code  0x08001928    0xd4  DblAdd.o [4]
  .text              ro code  0x080019fc   0x144  system_stm32f4xx.o [1]
  .text              ro code  0x08001b40   0x11c  main.o [1]
  .text              ro code  0x08001c5c    0x24  printf.o [3]
  .text              ro code  0x08001c80    0x6c  iarttio.o [6]
  .text              ro code  0x08001cec     0x8  XShttio.o [3]
  .text              ro code  0x08001cf4    0x38  packbits_init_single.o [5]
  .text              ro code  0x08001d2c    0x30  stm32f4xx_it.o [1]
  .text              ro code  0x08001d5c    0x28  putchar.o [3]
  .text              ro code  0x08001d84    0x10  write.o [6]
  .text              ro code  0x08001d94    0x1e  dwrite.o [6]
  .text              ro code  0x08001db2    0x20  iarwstd.o [6]
  .text              ro code  0x08001dd2    0x22  iarwrite.o [6]
  .text              ro code  0x08001df4    0x28  data_init.o [5]
  .iar.init_table    const    0x08001e1c    0x10  - Linker created -
  .text              ro code  0x08001e2c    0x1a  cmain.o [5]
  .text              ro code  0x08001e46     0x4  low_level_init.o [3]
  .text              ro code  0x08001e4a     0x4  exit.o [3]
  .text              ro code  0x08001e50     0xa  cexit.o [5]
  .text              ro code  0x08001e5c    0x14  exit.o [6]
  .text              ro code  0x08001e70    0x16  xprout.o [3]
  .rodata            const    0x08001e88    0x14  main.o [1]
  .rodata            const    0x08001e9c    0x10  main.o [1]
  .rodata            const    0x08001eac    0x10  main.o [1]
  .text              ro code  0x08001ebc    0x10  startup_stm32f4xx.o [1]
  .text              ro code  0x08001ecc     0xc  cstartup_M.o [5]
  .rodata            const    0x08001ed8     0x8  main.o [1]
  .text              ro code  0x08001ee0     0x4  startup_stm32f4xx.o [1]
  .text              ro code  0x08001ee4     0x4  startup_stm32f4xx.o [1]
  .text              ro code  0x08001ee8     0x4  startup_stm32f4xx.o [1]
  .text              ro code  0x08001eec     0x4  startup_stm32f4xx.o [1]
  .text              ro code  0x08001ef0     0x4  startup_stm32f4xx.o [1]
  .text              ro code  0x08001ef4     0x4  startup_stm32f4xx.o [1]
  .text              ro code  0x08001ef8     0x4  startup_stm32f4xx.o [1]
  .text              ro code  0x08001efc     0x4  startup_stm32f4xx.o [1]
  .text              ro code  0x08001f00     0x4  startup_stm32f4xx.o [1]
  .text              ro code  0x08001f04     0x4  startup_stm32f4xx.o [1]
  .text              ro code  0x08001f08     0x4  startup_stm32f4xx.o [1]
  .text              ro code  0x08001f0c     0x4  startup_stm32f4xx.o [1]
  .text              ro code  0x08001f10     0x4  startup_stm32f4xx.o [1]
  .text              ro code  0x08001f14     0x4  startup_stm32f4xx.o [1]
  .text              ro code  0x08001f18     0x4  startup_stm32f4xx.o [1]
  .text              ro code  0x08001f1c     0x4  startup_stm32f4xx.o [1]
  .text              ro code  0x08001f20     0x4  startup_stm32f4xx.o [1]
  .text              ro code  0x08001f24     0x4  startup_stm32f4xx.o [1]
  .text              ro code  0x08001f28     0x4  startup_stm32f4xx.o [1]
  .text              ro code  0x08001f2c     0x4  startup_stm32f4xx.o [1]
  .text              ro code  0x08001f30     0x4  startup_stm32f4xx.o [1]
  .text              ro code  0x08001f34     0x4  startup_stm32f4xx.o [1]
  .text              ro code  0x08001f38     0x4  startup_stm32f4xx.o [1]
  .text              ro code  0x08001f3c     0x4  startup_stm32f4xx.o [1]
  .text              ro code  0x08001f40     0x4  startup_stm32f4xx.o [1]
  .text              ro code  0x08001f44     0x4  startup_stm32f4xx.o [1]
  .text              ro code  0x08001f48     0x4  startup_stm32f4xx.o [1]
  .text              ro code  0x08001f4c     0x4  startup_stm32f4xx.o [1]
  .text              ro code  0x08001f50     0x4  startup_stm32f4xx.o [1]
  .text              ro code  0x08001f54     0x4  startup_stm32f4xx.o [1]
  .text              ro code  0x08001f58     0x4  startup_stm32f4xx.o [1]
  .text              ro code  0x08001f5c     0x4  startup_stm32f4xx.o [1]
  .text              ro code  0x08001f60     0x4  startup_stm32f4xx.o [1]
  .text              ro code  0x08001f64     0x4  startup_stm32f4xx.o [1]
  .text              ro code  0x08001f68     0x4  startup_stm32f4xx.o [1]
  .text              ro code  0x08001f6c     0x4  startup_stm32f4xx.o [1]
  .text              ro code  0x08001f70     0x4  startup_stm32f4xx.o [1]
  .text              ro code  0x08001f74     0x4  startup_stm32f4xx.o [1]
  .text              ro code  0x08001f78     0x4  startup_stm32f4xx.o [1]
  .text              ro code  0x08001f7c     0x4  startup_stm32f4xx.o [1]
  .text              ro code  0x08001f80     0x4  startup_stm32f4xx.o [1]
  .text              ro code  0x08001f84     0x4  startup_stm32f4xx.o [1]
  .text              ro code  0x08001f88     0x4  startup_stm32f4xx.o [1]
  .text              ro code  0x08001f8c     0x4  startup_stm32f4xx.o [1]
  .text              ro code  0x08001f90     0x4  startup_stm32f4xx.o [1]
  .text              ro code  0x08001f94     0x4  startup_stm32f4xx.o [1]
  .text              ro code  0x08001f98     0x4  startup_stm32f4xx.o [1]
  .text              ro code  0x08001f9c     0x4  startup_stm32f4xx.o [1]
  .text              ro code  0x08001fa0     0x4  startup_stm32f4xx.o [1]
  .text              ro code  0x08001fa4     0x4  startup_stm32f4xx.o [1]
  .text              ro code  0x08001fa8     0x4  startup_stm32f4xx.o [1]
  .text              ro code  0x08001fac     0x4  startup_stm32f4xx.o [1]
  .text              ro code  0x08001fb0     0x4  startup_stm32f4xx.o [1]
  .text              ro code  0x08001fb4     0x4  startup_stm32f4xx.o [1]
  .text              ro code  0x08001fb8     0x4  startup_stm32f4xx.o [1]
  .text              ro code  0x08001fbc     0x4  startup_stm32f4xx.o [1]
  .text              ro code  0x08001fc0     0x4  startup_stm32f4xx.o [1]
  .text              ro code  0x08001fc4     0x4  startup_stm32f4xx.o [1]
  .text              ro code  0x08001fc8     0x4  startup_stm32f4xx.o [1]
  .text              ro code  0x08001fcc     0x4  startup_stm32f4xx.o [1]
  .text              ro code  0x08001fd0     0x4  startup_stm32f4xx.o [1]
  .text              ro code  0x08001fd4     0x4  startup_stm32f4xx.o [1]
  .text              ro code  0x08001fd8     0x4  startup_stm32f4xx.o [1]
  .text              ro code  0x08001fdc     0x4  startup_stm32f4xx.o [1]
  .text              ro code  0x08001fe0     0x4  startup_stm32f4xx.o [1]
  .text              ro code  0x08001fe4     0x4  startup_stm32f4xx.o [1]
  .text              ro code  0x08001fe8     0x4  startup_stm32f4xx.o [1]
  .text              ro code  0x08001fec     0x4  startup_stm32f4xx.o [1]
  .text              ro code  0x08001ff0     0x4  startup_stm32f4xx.o [1]
  .text              ro code  0x08001ff4     0x4  startup_stm32f4xx.o [1]
  .text              ro code  0x08001ff8     0x4  startup_stm32f4xx.o [1]
  .text              ro code  0x08001ffc     0x4  startup_stm32f4xx.o [1]
  .text              ro code  0x08002000     0x4  startup_stm32f4xx.o [1]
  .text              ro code  0x08002004     0x4  startup_stm32f4xx.o [1]
  .text              ro code  0x08002008     0x4  startup_stm32f4xx.o [1]
  .text              ro code  0x0800200c     0x4  startup_stm32f4xx.o [1]
  .text              ro code  0x08002010     0x4  startup_stm32f4xx.o [1]
  .text              ro code  0x08002014     0x4  startup_stm32f4xx.o [1]
  .text              ro code  0x08002018     0x4  startup_stm32f4xx.o [1]
  .text              ro code  0x0800201c     0x4  startup_stm32f4xx.o [1]
  .text              ro code  0x08002020     0x4  startup_stm32f4xx.o [1]
  .text              ro code  0x08002024     0x4  startup_stm32f4xx.o [1]
  .text              ro code  0x08002028     0x4  startup_stm32f4xx.o [1]
  .text              ro code  0x0800202c     0x4  startup_stm32f4xx.o [1]
  .text              ro code  0x08002030     0x4  startup_stm32f4xx.o [1]
  .text              ro code  0x08002034     0x4  startup_stm32f4xx.o [1]
  .text              ro code  0x08002038     0x4  startup_stm32f4xx.o [1]
  .text              ro code  0x0800203c     0x4  startup_stm32f4xx.o [1]
  .text              ro code  0x08002040     0x4  startup_stm32f4xx.o [1]
  .text              ro code  0x08002044     0x4  startup_stm32f4xx.o [1]
  .text              ro code  0x08002048     0x4  startup_stm32f4xx.o [1]
  .rodata            const    0x0800204c     0x0  packbits_init_single.o [5]
  Initializer bytes  const    0x0800204c     0x4  <for P2-1>
                            - 0x08002050  0x1ec8

"P2", part 1 of 2:                          0x12
  P2-1                        0x20000000    0x12  <Init block>
    .data            inited   0x20000000     0x8  XShttio.o [3]
    .bss             inited   0x20000008     0x4  main.o [1]
    .bss             inited   0x2000000c     0x4  stm32f4xx_it.o [1]
    .bss             inited   0x20000010     0x1  main.o [1]
    .bss             inited   0x20000011     0x1  main.o [1]
                            - 0x20000012    0x12

"P2", part 2 of 2:                        0x2000
  CSTACK                      0x20000018  0x2000  <Block>
    CSTACK           uninit   0x20000018  0x2000  <Block tail>
                            - 0x20002018  0x2000


*******************************************************************************
*** INIT TABLE
***

          Address     Size
          -------     ----
Copy/packbits (__iar_packbits_init_single3)
    1 source range, total size 0x4 (22% of destination):
          0x0800204c   0x4
    1 destination range, total size 0x12:
          0x20000000  0x12



*******************************************************************************
*** MODULE SUMMARY
***

    Module                  ro code  ro data  rw data
    ------                  -------  -------  -------
C:\Users\Dell\Desktop\iarfirstproject\Debug\Obj: [1]
    main.o                      284       62        6
    startup_stm32f4xx.o         772
    stm32f4xx_it.o               48        1        4
    system_stm32f4xx.o          324
    -------------------------------------------------
    Total:                    1 428       63       10

command line: [2]
    -------------------------------------------------
    Total:

dl7M_tln.a: [3]
    XShttio.o                     8        1        8
    div.o                        14
    exit.o                        4
    low_level_init.o              4
    printf.o                     36
    putchar.o                    40
    xprintffull.o             3 530
    xprout.o                     22
    -------------------------------------------------
    Total:                    3 658        1        8

m7M_tl.a: [4]
    DblAdd.o                    212
    DblCmpGe.o                   46
    DblCmpLe.o                   46
    DblDiv.o                    598
    DblMul.o                    418
    DblSub.o                    384
    DblToI32.o                   88
    I32ToDbl.o                   48
    xdnorm.o                     68
    xdscale.o                   268
    -------------------------------------------------
    Total:                    2 176

rt7M_tl.a: [5]
    ABImemcpy_unaligned.o       118
    I64DivMod.o                 238
    I64DivZer.o                   2
    cexit.o                      10
    cmain.o                      26
    cstartup_M.o                 12
    data_init.o                  40
    memchr.o                     88
    packbits_init_single.o       56
    strchr.o                     22
    strlen.o                     54
    -------------------------------------------------
    Total:                      666

shb_l.a: [6]
    dwrite.o                     30
    exit.o                       20
    iarttio.o                   108
    iarwrite.o                   34
    iarwstd.o                    32
    write.o                      16
    -------------------------------------------------
    Total:                      240

    Gaps                         22        2
    Linker created                        16    8 192
-----------------------------------------------------
    Grand Total:              8 190       82    8 210


*******************************************************************************
*** ENTRY LIST
***

Entry                      Address   Size  Type      Object
-----                      -------   ----  ----      ------
.iar.init_table$$Base   0x08001e1c          --   Gb  - Linker created -
.iar.init_table$$Limit  0x08001e2c          --   Gb  - Linker created -
?main                   0x08001e2d         Code  Gb  cmain.o [5]
BusFault_Handler        0x08001d33    0x2  Code  Gb  stm32f4xx_it.o [1]
CSTACK$$Base            0x20000018          --   Gb  - Linker created -
CSTACK$$Limit           0x20002018          --   Gb  - Linker created -
DebugMon_Handler        0x08001d39    0x2  Code  Gb  stm32f4xx_it.o [1]
HardFault_Handler       0x08001d2f    0x2  Code  Gb  stm32f4xx_it.o [1]
LoadInt                 0x08000729   0x6e  Code  Lc  xprintffull.o [3]
MemManage_Handler       0x08001d31    0x2  Code  Gb  stm32f4xx_it.o [1]
NMI_Handler             0x08001d2d    0x2  Code  Gb  stm32f4xx_it.o [1]
PendSV_Handler          0x08001d3b    0x2  Code  Gb  stm32f4xx_it.o [1]
Region$$Table$$Base     0x08001e1c          --   Gb  - Linker created -
Region$$Table$$Limit    0x08001e2c          --   Gb  - Linker created -
SVC_Handler             0x08001d37    0x2  Code  Gb  stm32f4xx_it.o [1]
SetSysClock             0x08001a43   0xce  Code  Lc  system_stm32f4xx.o [1]
SysTick_Handler         0x08001d3d   0x14  Code  Gb  stm32f4xx_it.o [1]
SystemInit              0x080019fd   0x46  Code  Gb  system_stm32f4xx.o [1]
TIM1_CC_IRQHandler      0x08001d5b    0x2  Code  Gb  stm32f4xx_it.o [1]
TIM2_IRQHandler         0x08001d55    0x2  Code  Gb  stm32f4xx_it.o [1]
TIM3_IRQHandler         0x08001d57    0x2  Code  Gb  stm32f4xx_it.o [1]
TIM4_IRQHandler         0x08001d59    0x2  Code  Gb  stm32f4xx_it.o [1]
UsageFault_Handler      0x08001d35    0x2  Code  Gb  stm32f4xx_it.o [1]
_GenldFull              0x08000ca1  0x26a  Code  Lc  xprintffull.o [3]
_LdtobFull              0x080008a1  0x3fa  Code  Lc  xprintffull.o [3]
_LitobFull              0x08000797  0x10a  Code  Lc  xprintffull.o [3]
_PrintfFull             0x08000189  0x59a  Code  Gb  xprintffull.o [3]
_Prout                  0x08001e71   0x16  Code  Gb  xprout.o [3]
_PutcharsFull           0x08000f0b   0x2e  Code  Lc  xprintffull.o [3]
__aeabi_cdcmple         0x080011a9         Code  Gb  DblCmpLe.o [4]
__aeabi_cdrcmple        0x080011d9         Code  Gb  DblCmpGe.o [4]
__aeabi_d2iz            0x08001315         Code  Gb  DblToI32.o [4]
__aeabi_d2uiz           0x08001341         Code  Gb  DblToI32.o [4]
__aeabi_ddiv            0x080016c1         Code  Gb  DblDiv.o [4]
__aeabi_dmul            0x0800151d         Code  Gb  DblMul.o [4]
__aeabi_dsub            0x0800139d         Code  Gb  DblSub.o [4]
__aeabi_i2d             0x0800136d         Code  Gb  I32ToDbl.o [4]
__aeabi_ldiv0           0x08001925         Code  Gb  I64DivZer.o [5]
__aeabi_ui2d            0x08001381         Code  Gb  I32ToDbl.o [4]
__aeabi_uldivmod        0x08000ffd         Code  Gb  I64DivMod.o [5]
__cmain                 0x08001e2d         Code  Gb  cmain.o [5]
__dwrite                0x08001d95   0x1e  Code  Gb  dwrite.o [6]
__exit                  0x08001e5d   0x14  Code  Gb  exit.o [6]
__iar_Dnorm             0x08001163   0x44  Code  Gb  xdnorm.o [4]
__iar_Dscale            0x08001209  0x10c  Code  Gb  xdscale.o [4]
__iar_Memchr            0x08000fa5         Code  Gb  memchr.o [5]
__iar_Strchr            0x08000f55         Code  Gb  strchr.o [5]
__iar_close_ttio        0x08001c81   0x2e  Code  Gb  iarttio.o [6]
__iar_d2uiz             0x0800134d         Code  Gb  DblToI32.o [4]
__iar_dadd              0x08001929         Code  Gb  DblAdd.o [4]
__iar_data_init3        0x08001df5   0x28  Code  Gb  data_init.o [5]
__iar_dsub              0x080013b1         Code  Gb  DblSub.o [4]
__iar_dsubStart         0x080013c3         Code  Gb  DblSub.o [4]
__iar_get_ttio          0x08001cb1   0x38  Code  Gb  iarttio.o [6]
__iar_lookup_ttioh      0x08001ced    0x8  Code  Gb  XShttio.o [3]
__iar_packbits_init_single3
                        0x08001cf5   0x38  Code  Gb  packbits_init_single.o [5]
__iar_program_start     0x08001ecd         Code  Gb  cstartup_M.o [5]
__iar_sh_stdout         0x08001db3   0x20  Code  Gb  iarwstd.o [6]
__iar_sh_write          0x08001dd3   0x22  Code  Gb  iarwrite.o [6]
__iar_ttio_handles      0x20000000    0x8  Data  Lc  XShttio.o [3]
__iar_ui2d              0x08001385         Code  Gb  I32ToDbl.o [4]
__iar_unaligned___aeabi_memcpy
                        0x080010ed         Code  Gb  ABImemcpy_unaligned.o [5]
__iar_unaligned___aeabi_memcpy4
                        0x0800110d         Code  Gb  ABImemcpy_unaligned.o [5]
__iar_unaligned___aeabi_memcpy8
                        0x0800110d         Code  Gb  ABImemcpy_unaligned.o [5]
__low_level_init        0x08001e47    0x4  Code  Gb  low_level_init.o [3]
__vector_table          0x08000000         Data  Gb  startup_stm32f4xx.o [1]
__write                 0x08001d85   0x10  Code  Gb  write.o [6]
_call_main              0x08001e39         Code  Gb  cmain.o [5]
_exit                   0x08001e51         Code  Gb  cexit.o [5]
_main                   0x08001e43         Code  Gb  cmain.o [5]
concatenate             0x08001b41   0x28  Code  Gb  main.o [1]
div                     0x08001917    0xe  Code  Gb  div.o [3]
exit                    0x08001e4b    0x4  Code  Gb  exit.o [3]
initial_yaw             0x08001b69   0x32  Code  Gb  main.o [1]
initial_yaw_flag        0x20000008    0x4  Data  Gb  main.o [1]
main                    0x08001c33    0xe  Code  Gb  main.o [1]
memchr                  0x08000fa5         Code  Gb  memchr.o [5]
not_initial_yaw         0x08001b9b   0x82  Code  Gb  main.o [1]
printf                  0x08001c5d   0x24  Code  Gb  printf.o [3]
putchar                 0x08001d5d   0x28  Code  Gb  putchar.o [3]
stabilize_yaw           0x08001c1d   0x16  Code  Gb  main.o [1]
strchr                  0x08000f55         Code  Gb  strchr.o [5]
strlen                  0x08000f6d         Code  Gb  strlen.o [5]
timingDelay             0x2000000c    0x4  Data  Gb  stm32f4xx_it.o [1]
yaw_first_1             0x20000010    0x1  Data  Gb  main.o [1]
yaw_first_2             0x20000011    0x1  Data  Gb  main.o [1]


[1] = C:\Users\Dell\Desktop\iarfirstproject\Debug\Obj
[2] = command line
[3] = dl7M_tln.a
[4] = m7M_tl.a
[5] = rt7M_tl.a
[6] = shb_l.a

  8 190 bytes of readonly  code memory
     82 bytes of readonly  data memory
  8 210 bytes of readwrite data memory

Errors: none
Warnings: none
