###############################################################################
#
# IAR ELF Linker V7.70.1.11437/W32 for ARM                15/Feb/2017  08:00:22
# Copyright 2007-2016 IAR Systems AB.
#
#    Output file  =  
#        C:\Users\Dell\Desktop\iarfirstproject\Debug\Exe\first project.out
#    Map file     =  
#        C:\Users\Dell\Desktop\iarfirstproject\Debug\List\first project.map
#    Command line =  
#        C:\Users\Dell\Desktop\iarfirstproject\Debug\Obj\main.o
#        C:\Users\Dell\Desktop\iarfirstproject\Debug\Obj\misc.o
#        C:\Users\Dell\Desktop\iarfirstproject\Debug\Obj\startup_stm32f4xx.o
#        C:\Users\Dell\Desktop\iarfirstproject\Debug\Obj\stm32f4_discovery.o
#        C:\Users\Dell\Desktop\iarfirstproject\Debug\Obj\stm32f4xx_adc.o
#        C:\Users\Dell\Desktop\iarfirstproject\Debug\Obj\stm32f4xx_gpio.o
#        C:\Users\Dell\Desktop\iarfirstproject\Debug\Obj\stm32f4xx_i2c.o
#        C:\Users\Dell\Desktop\iarfirstproject\Debug\Obj\stm32f4xx_it.o
#        C:\Users\Dell\Desktop\iarfirstproject\Debug\Obj\stm32f4xx_rcc.o
#        C:\Users\Dell\Desktop\iarfirstproject\Debug\Obj\system_stm32f4xx.o -o
#        "C:\Users\Dell\Desktop\iarfirstproject\Debug\Exe\first project.out"
#        --redirect _Printf=_PrintfFull --redirect _Scanf=_ScanfFull --map
#        "C:\Users\Dell\Desktop\iarfirstproject\Debug\List\first project.map"
#        --config "C:\Users\Dell\Desktop\iarfirstproject\first project.icf"
#        --semihosting --entry __iar_program_start --vfe
#
###############################################################################

*******************************************************************************
*** RUNTIME MODEL ATTRIBUTES
***

CppFlavor       = *
__SystemLibrary = DLib


*******************************************************************************
*** PLACEMENT SUMMARY
***

"A0":  place at 0x08000000 { ro section .intvec };
"P1":  place in [from 0x08000000 to 0x0807ffff] { ro };
"P2":  place in [from 0x20000000 to 0x2001ffff] { rw, block CSTACK, block HEAP };
initialize by copy { rw };

  Section            Kind        Address    Size  Object
  -------            ----        -------    ----  ------
"A0":                                      0x188
  .intvec            ro code  0x08000000   0x188  startup_stm32f4xx.o [1]
                            - 0x08000188   0x188

"P1":                                      0xb8c
  .text              ro code  0x08000188   0x3d8  main.o [1]
  .text              ro code  0x08000560   0x134  stm32f4xx_rcc.o [1]
  .text              ro code  0x08000694    0xf4  stm32f4xx_gpio.o [1]
  .text              ro code  0x08000788   0x1ce  stm32f4xx_i2c.o [1]
  .text              ro code  0x08000958   0x144  system_stm32f4xx.o [1]
  .text              ro code  0x08000a9c    0x30  stm32f4xx_it.o [1]
  .text              ro code  0x08000acc    0x2c  copy_init3.o [4]
  .text              ro code  0x08000af8    0x28  data_init.o [4]
  .iar.init_table    const    0x08000b20    0x14  - Linker created -
  .text              ro code  0x08000b34    0x1a  cmain.o [4]
  .text              ro code  0x08000b4e     0x4  low_level_init.o [3]
  .text              ro code  0x08000b52     0x4  exit.o [3]
  .text              ro code  0x08000b58     0xa  cexit.o [4]
  .text              ro code  0x08000b64    0x14  exit.o [5]
  Initializer bytes  const    0x08000b78    0x14  <for P2-1>
  .text              ro code  0x08000b8c    0x10  startup_stm32f4xx.o [1]
  .text              ro code  0x08000b9c     0xc  cstartup_M.o [4]
  .text              ro code  0x08000ba8     0x4  startup_stm32f4xx.o [1]
  .text              ro code  0x08000bac     0x4  startup_stm32f4xx.o [1]
  .text              ro code  0x08000bb0     0x4  startup_stm32f4xx.o [1]
  .text              ro code  0x08000bb4     0x4  startup_stm32f4xx.o [1]
  .text              ro code  0x08000bb8     0x4  startup_stm32f4xx.o [1]
  .text              ro code  0x08000bbc     0x4  startup_stm32f4xx.o [1]
  .text              ro code  0x08000bc0     0x4  startup_stm32f4xx.o [1]
  .text              ro code  0x08000bc4     0x4  startup_stm32f4xx.o [1]
  .text              ro code  0x08000bc8     0x4  startup_stm32f4xx.o [1]
  .text              ro code  0x08000bcc     0x4  startup_stm32f4xx.o [1]
  .text              ro code  0x08000bd0     0x4  startup_stm32f4xx.o [1]
  .text              ro code  0x08000bd4     0x4  startup_stm32f4xx.o [1]
  .text              ro code  0x08000bd8     0x4  startup_stm32f4xx.o [1]
  .text              ro code  0x08000bdc     0x4  startup_stm32f4xx.o [1]
  .text              ro code  0x08000be0     0x4  startup_stm32f4xx.o [1]
  .text              ro code  0x08000be4     0x4  startup_stm32f4xx.o [1]
  .text              ro code  0x08000be8     0x4  startup_stm32f4xx.o [1]
  .text              ro code  0x08000bec     0x4  startup_stm32f4xx.o [1]
  .text              ro code  0x08000bf0     0x4  startup_stm32f4xx.o [1]
  .text              ro code  0x08000bf4     0x4  startup_stm32f4xx.o [1]
  .text              ro code  0x08000bf8     0x4  startup_stm32f4xx.o [1]
  .text              ro code  0x08000bfc     0x4  startup_stm32f4xx.o [1]
  .text              ro code  0x08000c00     0x4  startup_stm32f4xx.o [1]
  .text              ro code  0x08000c04     0x4  startup_stm32f4xx.o [1]
  .text              ro code  0x08000c08     0x4  startup_stm32f4xx.o [1]
  .text              ro code  0x08000c0c     0x4  startup_stm32f4xx.o [1]
  .text              ro code  0x08000c10     0x4  startup_stm32f4xx.o [1]
  .text              ro code  0x08000c14     0x4  startup_stm32f4xx.o [1]
  .text              ro code  0x08000c18     0x4  startup_stm32f4xx.o [1]
  .text              ro code  0x08000c1c     0x4  startup_stm32f4xx.o [1]
  .text              ro code  0x08000c20     0x4  startup_stm32f4xx.o [1]
  .text              ro code  0x08000c24     0x4  startup_stm32f4xx.o [1]
  .text              ro code  0x08000c28     0x4  startup_stm32f4xx.o [1]
  .text              ro code  0x08000c2c     0x4  startup_stm32f4xx.o [1]
  .text              ro code  0x08000c30     0x4  startup_stm32f4xx.o [1]
  .text              ro code  0x08000c34     0x4  startup_stm32f4xx.o [1]
  .text              ro code  0x08000c38     0x4  startup_stm32f4xx.o [1]
  .text              ro code  0x08000c3c     0x4  startup_stm32f4xx.o [1]
  .text              ro code  0x08000c40     0x4  startup_stm32f4xx.o [1]
  .text              ro code  0x08000c44     0x4  startup_stm32f4xx.o [1]
  .text              ro code  0x08000c48     0x4  startup_stm32f4xx.o [1]
  .text              ro code  0x08000c4c     0x4  startup_stm32f4xx.o [1]
  .text              ro code  0x08000c50     0x4  startup_stm32f4xx.o [1]
  .text              ro code  0x08000c54     0x4  startup_stm32f4xx.o [1]
  .text              ro code  0x08000c58     0x4  startup_stm32f4xx.o [1]
  .text              ro code  0x08000c5c     0x4  startup_stm32f4xx.o [1]
  .text              ro code  0x08000c60     0x4  startup_stm32f4xx.o [1]
  .text              ro code  0x08000c64     0x4  startup_stm32f4xx.o [1]
  .text              ro code  0x08000c68     0x4  startup_stm32f4xx.o [1]
  .text              ro code  0x08000c6c     0x4  startup_stm32f4xx.o [1]
  .text              ro code  0x08000c70     0x4  startup_stm32f4xx.o [1]
  .text              ro code  0x08000c74     0x4  startup_stm32f4xx.o [1]
  .text              ro code  0x08000c78     0x4  startup_stm32f4xx.o [1]
  .text              ro code  0x08000c7c     0x4  startup_stm32f4xx.o [1]
  .text              ro code  0x08000c80     0x4  startup_stm32f4xx.o [1]
  .text              ro code  0x08000c84     0x4  startup_stm32f4xx.o [1]
  .text              ro code  0x08000c88     0x4  startup_stm32f4xx.o [1]
  .text              ro code  0x08000c8c     0x4  startup_stm32f4xx.o [1]
  .text              ro code  0x08000c90     0x4  startup_stm32f4xx.o [1]
  .text              ro code  0x08000c94     0x4  startup_stm32f4xx.o [1]
  .text              ro code  0x08000c98     0x4  startup_stm32f4xx.o [1]
  .text              ro code  0x08000c9c     0x4  startup_stm32f4xx.o [1]
  .text              ro code  0x08000ca0     0x4  startup_stm32f4xx.o [1]
  .text              ro code  0x08000ca4     0x4  startup_stm32f4xx.o [1]
  .text              ro code  0x08000ca8     0x4  startup_stm32f4xx.o [1]
  .text              ro code  0x08000cac     0x4  startup_stm32f4xx.o [1]
  .text              ro code  0x08000cb0     0x4  startup_stm32f4xx.o [1]
  .text              ro code  0x08000cb4     0x4  startup_stm32f4xx.o [1]
  .text              ro code  0x08000cb8     0x4  startup_stm32f4xx.o [1]
  .text              ro code  0x08000cbc     0x4  startup_stm32f4xx.o [1]
  .text              ro code  0x08000cc0     0x4  startup_stm32f4xx.o [1]
  .text              ro code  0x08000cc4     0x4  startup_stm32f4xx.o [1]
  .text              ro code  0x08000cc8     0x4  startup_stm32f4xx.o [1]
  .text              ro code  0x08000ccc     0x4  startup_stm32f4xx.o [1]
  .text              ro code  0x08000cd0     0x4  startup_stm32f4xx.o [1]
  .text              ro code  0x08000cd4     0x4  startup_stm32f4xx.o [1]
  .text              ro code  0x08000cd8     0x4  startup_stm32f4xx.o [1]
  .text              ro code  0x08000cdc     0x4  startup_stm32f4xx.o [1]
  .text              ro code  0x08000ce0     0x4  startup_stm32f4xx.o [1]
  .text              ro code  0x08000ce4     0x4  startup_stm32f4xx.o [1]
  .text              ro code  0x08000ce8     0x4  startup_stm32f4xx.o [1]
  .text              ro code  0x08000cec     0x4  startup_stm32f4xx.o [1]
  .text              ro code  0x08000cf0     0x4  startup_stm32f4xx.o [1]
  .text              ro code  0x08000cf4     0x4  startup_stm32f4xx.o [1]
  .text              ro code  0x08000cf8     0x4  startup_stm32f4xx.o [1]
  .text              ro code  0x08000cfc     0x4  startup_stm32f4xx.o [1]
  .text              ro code  0x08000d00     0x4  startup_stm32f4xx.o [1]
  .text              ro code  0x08000d04     0x4  startup_stm32f4xx.o [1]
  .text              ro code  0x08000d08     0x4  startup_stm32f4xx.o [1]
  .text              ro code  0x08000d0c     0x4  startup_stm32f4xx.o [1]
  .text              ro code  0x08000d10     0x4  startup_stm32f4xx.o [1]
  .rodata            const    0x08000d14     0x0  copy_init3.o [4]
                            - 0x08000d14   0xb8c

"P2", part 1 of 2:                          0x14
  P2-1                        0x20000000    0x14  <Init block>
    .data            inited   0x20000000    0x10  stm32f4xx_rcc.o [1]
    .bss             inited   0x20000010     0x4  stm32f4xx_it.o [1]
                            - 0x20000014    0x14

"P2", part 2 of 2:                        0x2000
  CSTACK                      0x20000018  0x2000  <Block>
    CSTACK           uninit   0x20000018  0x2000  <Block tail>
                            - 0x20002018  0x2000


*******************************************************************************
*** INIT TABLE
***

          Address     Size
          -------     ----
Copy (__iar_copy_init3)
    1 source range, total size 0x14:
          0x08000b78  0x14
    1 destination range, total size 0x14:
          0x20000000  0x14



*******************************************************************************
*** MODULE SUMMARY
***

    Module               ro code  ro data  rw data
    ------               -------  -------  -------
C:\Users\Dell\Desktop\iarfirstproject\Debug\Obj: [1]
    main.o                   984
    startup_stm32f4xx.o      772
    stm32f4xx_gpio.o         244
    stm32f4xx_i2c.o          462
    stm32f4xx_it.o            48        4        4
    stm32f4xx_rcc.o          308       16       16
    system_stm32f4xx.o       324
    ----------------------------------------------
    Total:                 3 142       20       20

command line: [2]
    ----------------------------------------------
    Total:

dl7M_tln.a: [3]
    exit.o                     4
    low_level_init.o           4
    ----------------------------------------------
    Total:                     8

rt7M_tl.a: [4]
    cexit.o                   10
    cmain.o                   26
    copy_init3.o              44
    cstartup_M.o              12
    data_init.o               40
    ----------------------------------------------
    Total:                   132

shb_l.a: [5]
    exit.o                    20
    ----------------------------------------------
    Total:                    20

    Gaps                       6
    Linker created                     20    8 192
--------------------------------------------------
    Grand Total:           3 308       40    8 212


*******************************************************************************
*** ENTRY LIST
***

Entry                      Address   Size  Type      Object
-----                      -------   ----  ----      ------
.iar.init_table$$Base   0x08000b20          --   Gb  - Linker created -
.iar.init_table$$Limit  0x08000b34          --   Gb  - Linker created -
?main                   0x08000b35         Code  Gb  cmain.o [4]
APBAHBPrescTable        0x20000000   0x10  Data  Lc  stm32f4xx_rcc.o [1]
BusFault_Handler        0x08000aa3    0x2  Code  Gb  stm32f4xx_it.o [1]
CSTACK$$Base            0x20000018          --   Gb  - Linker created -
CSTACK$$Limit           0x20002018          --   Gb  - Linker created -
DebugMon_Handler        0x08000aa9    0x2  Code  Gb  stm32f4xx_it.o [1]
GPIO_Init               0x08000695   0xa4  Code  Gb  stm32f4xx_gpio.o [1]
GPIO_PinAFConfig        0x08000739   0x50  Code  Gb  stm32f4xx_gpio.o [1]
HardFault_Handler       0x08000a9f    0x2  Code  Gb  stm32f4xx_it.o [1]
I2C_AcknowledgeConfig   0x080008c3   0x1c  Code  Gb  stm32f4xx_i2c.o [1]
I2C_CheckEvent          0x080008eb   0x2a  Code  Gb  stm32f4xx_i2c.o [1]
I2C_Cmd                 0x08000859   0x1c  Code  Gb  stm32f4xx_i2c.o [1]
I2C_GenerateSTART       0x08000875   0x1c  Code  Gb  stm32f4xx_i2c.o [1]
I2C_GenerateSTOP        0x08000891   0x1c  Code  Gb  stm32f4xx_i2c.o [1]
I2C_GetFlagStatus       0x08000915   0x42  Code  Gb  stm32f4xx_i2c.o [1]
I2C_Init                0x08000789   0xc0  Code  Gb  stm32f4xx_i2c.o [1]
I2C_ReceiveData         0x080008e5    0x6  Code  Gb  stm32f4xx_i2c.o [1]
I2C_Send7bitAddress     0x080008ad   0x16  Code  Gb  stm32f4xx_i2c.o [1]
I2C_SendData            0x080008df    0x6  Code  Gb  stm32f4xx_i2c.o [1]
I2C_init                0x08000189  0x15a  Code  Gb  main.o [1]
I2C_read_ack            0x08000369   0x24  Code  Gb  main.o [1]
I2C_start               0x080002e3   0x66  Code  Gb  main.o [1]
I2C_stop                0x0800038d   0x1c  Code  Gb  main.o [1]
I2C_write               0x08000349   0x20  Code  Gb  main.o [1]
MemManage_Handler       0x08000aa1    0x2  Code  Gb  stm32f4xx_it.o [1]
NMI_Handler             0x08000a9d    0x2  Code  Gb  stm32f4xx_it.o [1]
PendSV_Handler          0x08000aab    0x2  Code  Gb  stm32f4xx_it.o [1]
RCC_AHB1PeriphClockCmd  0x08000639   0x20  Code  Gb  stm32f4xx_rcc.o [1]
RCC_APB1PeriphClockCmd  0x08000659   0x20  Code  Gb  stm32f4xx_rcc.o [1]
RCC_GetClocksFreq       0x08000561   0xd8  Code  Gb  stm32f4xx_rcc.o [1]
Region$$Table$$Base     0x08000b20          --   Gb  - Linker created -
Region$$Table$$Limit    0x08000b34          --   Gb  - Linker created -
SVC_Handler             0x08000aa7    0x2  Code  Gb  stm32f4xx_it.o [1]
SetSysClock             0x0800099f   0xce  Code  Lc  system_stm32f4xx.o [1]
SysTick_Handler         0x08000aad   0x14  Code  Gb  stm32f4xx_it.o [1]
SystemInit              0x08000959   0x46  Code  Gb  system_stm32f4xx.o [1]
TIM1_CC_IRQHandler      0x08000acb    0x2  Code  Gb  stm32f4xx_it.o [1]
TIM2_IRQHandler         0x08000ac5    0x2  Code  Gb  stm32f4xx_it.o [1]
TIM3_IRQHandler         0x08000ac7    0x2  Code  Gb  stm32f4xx_it.o [1]
TIM4_IRQHandler         0x08000ac9    0x2  Code  Gb  stm32f4xx_it.o [1]
UsageFault_Handler      0x08000aa5    0x2  Code  Gb  stm32f4xx_it.o [1]
__cmain                 0x08000b35         Code  Gb  cmain.o [4]
__exit                  0x08000b65   0x14  Code  Gb  exit.o [5]
__iar_copy_init3        0x08000acd   0x2c  Code  Gb  copy_init3.o [4]
__iar_data_init3        0x08000af9   0x28  Code  Gb  data_init.o [4]
__iar_program_start     0x08000b9d         Code  Gb  cstartup_M.o [4]
__low_level_init        0x08000b4f    0x4  Code  Gb  low_level_init.o [3]
__vector_table          0x08000000         Data  Gb  startup_stm32f4xx.o [1]
_call_main              0x08000b41         Code  Gb  cmain.o [4]
_exit                   0x08000b59         Code  Gb  cexit.o [4]
_main                   0x08000b4b         Code  Gb  cmain.o [4]
exit                    0x08000b53    0x4  Code  Gb  exit.o [3]
main                    0x080003a9  0x182  Code  Gb  main.o [1]
timingDelay             0x20000010    0x4  Data  Gb  stm32f4xx_it.o [1]


[1] = C:\Users\Dell\Desktop\iarfirstproject\Debug\Obj
[2] = command line
[3] = dl7M_tln.a
[4] = rt7M_tl.a
[5] = shb_l.a

  3 308 bytes of readonly  code memory
     40 bytes of readonly  data memory
  8 212 bytes of readwrite data memory

Errors: none
Warnings: none
