###############################################################################
#
# IAR ELF Linker V7.70.1.11437/W32 for ARM                08/Jul/2017  12:01:14
# Copyright 2007-2016 IAR Systems AB.
#
#    Output file  =  
#        C:\Users\Dell\Desktop\control algo\Debug\Exe\first project.out
#    Map file     =  
#        C:\Users\Dell\Desktop\control algo\Debug\List\first project.map
#    Command line =  
#        "C:\Users\Dell\Desktop\control algo\Debug\Obj\arm_pid_init_f32.o"
#        "C:\Users\Dell\Desktop\control algo\Debug\Obj\main.o"
#        "C:\Users\Dell\Desktop\control algo\Debug\Obj\misc.o"
#        "C:\Users\Dell\Desktop\control algo\Debug\Obj\MPU6050.o"
#        "C:\Users\Dell\Desktop\control algo\Debug\Obj\startup_stm32f4xx.o"
#        "C:\Users\Dell\Desktop\control algo\Debug\Obj\stm32f4_discovery.o"
#        "C:\Users\Dell\Desktop\control algo\Debug\Obj\stm32f4xx_adc.o"
#        "C:\Users\Dell\Desktop\control algo\Debug\Obj\stm32f4xx_gpio.o"
#        "C:\Users\Dell\Desktop\control algo\Debug\Obj\stm32f4xx_i2c.o"
#        "C:\Users\Dell\Desktop\control algo\Debug\Obj\stm32f4xx_it.o"
#        "C:\Users\Dell\Desktop\control algo\Debug\Obj\stm32f4xx_rcc.o"
#        "C:\Users\Dell\Desktop\control algo\Debug\Obj\stm32f4xx_tim.o"
#        "C:\Users\Dell\Desktop\control algo\Debug\Obj\stm32f4xx_usart.o"
#        "C:\Users\Dell\Desktop\control algo\Debug\Obj\system_stm32f4xx.o"
#        "C:\Users\Dell\Desktop\control algo\Debug\Obj\tm_stm32f4_delay.o"
#        "C:\Users\Dell\Desktop\control algo\Debug\Obj\tm_stm32f4_disco.o"
#        "C:\Users\Dell\Desktop\control algo\Debug\Obj\tm_stm32f4_gpio.o"
#        "C:\Users\Dell\Desktop\control algo\Debug\Obj\tm_stm32f4_keypad.o"
#        "C:\Users\Dell\Desktop\control algo\Debug\Obj\tm_stm32f4_onewire.o"
#        "C:\Users\Dell\Desktop\control
#        algo\Debug\Obj\tm_stm32f4_timer_properties.o" -o
#        "C:\Users\Dell\Desktop\control algo\Debug\Exe\first project.out"
#        --redirect _Printf=_PrintfFull --redirect _Scanf=_ScanfFull --map
#        "C:\Users\Dell\Desktop\control algo\Debug\List\first project.map"
#        --config "C:\Users\Dell\Desktop\control algo\first project.icf"
#        --semihosting --entry __iar_program_start --vfe
#
###############################################################################

*******************************************************************************
*** RUNTIME MODEL ATTRIBUTES
***

CppFlavor       = *
__Heap_Handler  = Basic
__SystemLibrary = DLib


*******************************************************************************
*** PLACEMENT SUMMARY
***

"A0":  place at 0x08000000 { ro section .intvec };
"P1":  place in [from 0x08000000 to 0x0807ffff] { ro };
"P2":  place in [from 0x20000000 to 0x2001ffff] { rw, block CSTACK, block HEAP };
initialize by copy { rw };

  Section             Kind        Address    Size  Object
  -------             ----        -------    ----  ------
"A0":                                       0x188
  .intvec             ro code  0x08000000   0x188  startup_stm32f4xx.o [1]
                             - 0x08000188   0x188

"P1":                                      0x3d60
  .text               ro code  0x08000188  0x1bb4  main.o [1]
  .text               ro code  0x08001d3c   0x134  stm32f4xx_rcc.o [1]
  .text               ro code  0x08001e70    0xf4  stm32f4xx_gpio.o [1]
  .text               ro code  0x08001f64   0x1ce  stm32f4xx_i2c.o [1]
  .text               ro code  0x08002134    0xe8  stm32f4xx_usart.o [1]
  .text               ro code  0x0800221c   0x272  stm32f4xx_tim.o [1]
  .text               ro code  0x08002490    0x4e  FltToDbl.o [4]
  .text               ro code  0x080024e0   0x1a2  DblMul.o [4]
  .text               ro code  0x08002684    0x90  DblToFlt.o [4]
  .text               ro code  0x08002714    0xe8  DblAdd.o [4]
  .text               ro code  0x080027fc   0x100  sqrt.o [4]
  .text               ro code  0x080028fc    0xf4  atan2.o [4]
  .text               ro code  0x080029f0   0x2bc  MPU6050.o [1]
  .text               ro code  0x08002cac     0x6  ABImemclr4.o [5]
  .text               ro code  0x08002cb4    0x20  DblCmpEq.o [4]
  .text               ro code  0x08002cd4    0x2c  I32ToDbl.o [4]
  .text               ro code  0x08002d00   0x256  DblDiv.o [4]
  .text               ro code  0x08002f58    0x2e  DblCmpLe.o [4]
  .text               ro code  0x08002f88    0x2e  DblCmpGe.o [4]
  .text               ro code  0x08002fb6    0x14  memset.o [3]
  .text               ro code  0x08002fcc   0x180  DblSub.o [4]
  .text               ro code  0x0800314c    0x18  trunc.o [4]
  .text               ro code  0x08003164    0x4c  DblToI32.o [4]
  .text               ro code  0x080031b0   0x144  system_stm32f4xx.o [1]
  .text               ro code  0x080032f4   0x190  tm_stm32f4_delay.o [1]
  .text               ro code  0x08003484    0x2c  tm_stm32f4_disco.o [1]
  .text               ro code  0x080034b0   0x224  tm_stm32f4_keypad.o [1]
  .text               ro code  0x080036d4     0xc  iarEdom.o [5]
  .text               ro code  0x080036e0    0x40  xdtest.o [4]
  .text               ro code  0x08003720   0x1f0  xatan.o [4]
  .text               ro code  0x08003910    0x32  ABImemset48.o [5]
  .text               ro code  0x08003944    0x66  ABImemset.o [5]
  .text               ro code  0x080039aa    0x7a  xdint.o [4]
  .text               ro code  0x08003a24   0x16c  tm_stm32f4_gpio.o [1]
  .text               ro code  0x08003b90     0xc  errno.o [3]
  .text               ro code  0x08003b9c     0x2  xtls.o [3]
  .text               ro code  0x08003b9e    0x40  zero_init3.o [5]
  Initializer bytes   const    0x08003be0    0x38  <for P2-1>
  .text               ro code  0x08003c18    0x30  iarttio.o [6]
  .text               ro code  0x08003c48     0x8  XShttio.o [3]
  .text               ro code  0x08003c50    0x2c  copy_init3.o [5]
  .text               ro code  0x08003c7c    0x28  data_init.o [5]
  .text               ro code  0x08003ca4    0x22  fpinit_M.o [4]
  .iar.init_table     const    0x08003cc8    0x24  - Linker created -
  .text               ro code  0x08003cec    0x1a  cmain.o [5]
  .text               ro code  0x08003d06     0x4  low_level_init.o [3]
  .text               ro code  0x08003d0a     0x4  exit.o [3]
  .text               ro code  0x08003d10     0xa  cexit.o [5]
  .text               ro code  0x08003d1c    0x14  exit.o [6]
  .rodata             const    0x08003d30    0x18  main.o [1]
  .text               ro code  0x08003d48    0x18  stm32f4xx_it.o [1]
  .text               ro code  0x08003d60    0x10  startup_stm32f4xx.o [1]
  .text               ro code  0x08003d70     0xc  cstartup_M.o [5]
  .text               ro code  0x08003d7c     0x4  startup_stm32f4xx.o [1]
  .text               ro code  0x08003d80     0x4  startup_stm32f4xx.o [1]
  .text               ro code  0x08003d84     0x4  startup_stm32f4xx.o [1]
  .text               ro code  0x08003d88     0x4  startup_stm32f4xx.o [1]
  .text               ro code  0x08003d8c     0x4  startup_stm32f4xx.o [1]
  .text               ro code  0x08003d90     0x4  startup_stm32f4xx.o [1]
  .text               ro code  0x08003d94     0x4  startup_stm32f4xx.o [1]
  .text               ro code  0x08003d98     0x4  startup_stm32f4xx.o [1]
  .text               ro code  0x08003d9c     0x4  startup_stm32f4xx.o [1]
  .text               ro code  0x08003da0     0x4  startup_stm32f4xx.o [1]
  .text               ro code  0x08003da4     0x4  startup_stm32f4xx.o [1]
  .text               ro code  0x08003da8     0x4  startup_stm32f4xx.o [1]
  .text               ro code  0x08003dac     0x4  startup_stm32f4xx.o [1]
  .text               ro code  0x08003db0     0x4  startup_stm32f4xx.o [1]
  .text               ro code  0x08003db4     0x4  startup_stm32f4xx.o [1]
  .text               ro code  0x08003db8     0x4  startup_stm32f4xx.o [1]
  .text               ro code  0x08003dbc     0x4  startup_stm32f4xx.o [1]
  .text               ro code  0x08003dc0     0x4  startup_stm32f4xx.o [1]
  .text               ro code  0x08003dc4     0x4  startup_stm32f4xx.o [1]
  .text               ro code  0x08003dc8     0x4  startup_stm32f4xx.o [1]
  .text               ro code  0x08003dcc     0x4  startup_stm32f4xx.o [1]
  .text               ro code  0x08003dd0     0x4  startup_stm32f4xx.o [1]
  .text               ro code  0x08003dd4     0x4  startup_stm32f4xx.o [1]
  .text               ro code  0x08003dd8     0x4  startup_stm32f4xx.o [1]
  .text               ro code  0x08003ddc     0x4  startup_stm32f4xx.o [1]
  .text               ro code  0x08003de0     0x4  startup_stm32f4xx.o [1]
  .text               ro code  0x08003de4     0x4  startup_stm32f4xx.o [1]
  .text               ro code  0x08003de8     0x4  startup_stm32f4xx.o [1]
  .text               ro code  0x08003dec     0x4  startup_stm32f4xx.o [1]
  .text               ro code  0x08003df0     0x4  startup_stm32f4xx.o [1]
  .text               ro code  0x08003df4     0x4  startup_stm32f4xx.o [1]
  .text               ro code  0x08003df8     0x4  startup_stm32f4xx.o [1]
  .text               ro code  0x08003dfc     0x4  startup_stm32f4xx.o [1]
  .text               ro code  0x08003e00     0x4  startup_stm32f4xx.o [1]
  .text               ro code  0x08003e04     0x4  startup_stm32f4xx.o [1]
  .text               ro code  0x08003e08     0x4  startup_stm32f4xx.o [1]
  .text               ro code  0x08003e0c     0x4  startup_stm32f4xx.o [1]
  .text               ro code  0x08003e10     0x4  startup_stm32f4xx.o [1]
  .text               ro code  0x08003e14     0x4  startup_stm32f4xx.o [1]
  .text               ro code  0x08003e18     0x4  startup_stm32f4xx.o [1]
  .text               ro code  0x08003e1c     0x4  startup_stm32f4xx.o [1]
  .text               ro code  0x08003e20     0x4  startup_stm32f4xx.o [1]
  .text               ro code  0x08003e24     0x4  startup_stm32f4xx.o [1]
  .text               ro code  0x08003e28     0x4  startup_stm32f4xx.o [1]
  .text               ro code  0x08003e2c     0x4  startup_stm32f4xx.o [1]
  .text               ro code  0x08003e30     0x4  startup_stm32f4xx.o [1]
  .text               ro code  0x08003e34     0x4  startup_stm32f4xx.o [1]
  .text               ro code  0x08003e38     0x4  startup_stm32f4xx.o [1]
  .text               ro code  0x08003e3c     0x4  startup_stm32f4xx.o [1]
  .text               ro code  0x08003e40     0x4  startup_stm32f4xx.o [1]
  .text               ro code  0x08003e44     0x4  startup_stm32f4xx.o [1]
  .text               ro code  0x08003e48     0x4  startup_stm32f4xx.o [1]
  .text               ro code  0x08003e4c     0x4  startup_stm32f4xx.o [1]
  .text               ro code  0x08003e50     0x4  startup_stm32f4xx.o [1]
  .text               ro code  0x08003e54     0x4  startup_stm32f4xx.o [1]
  .text               ro code  0x08003e58     0x4  startup_stm32f4xx.o [1]
  .text               ro code  0x08003e5c     0x4  startup_stm32f4xx.o [1]
  .text               ro code  0x08003e60     0x4  startup_stm32f4xx.o [1]
  .text               ro code  0x08003e64     0x4  startup_stm32f4xx.o [1]
  .text               ro code  0x08003e68     0x4  startup_stm32f4xx.o [1]
  .text               ro code  0x08003e6c     0x4  startup_stm32f4xx.o [1]
  .text               ro code  0x08003e70     0x4  startup_stm32f4xx.o [1]
  .text               ro code  0x08003e74     0x4  startup_stm32f4xx.o [1]
  .text               ro code  0x08003e78     0x4  startup_stm32f4xx.o [1]
  .text               ro code  0x08003e7c     0x4  startup_stm32f4xx.o [1]
  .text               ro code  0x08003e80     0x4  startup_stm32f4xx.o [1]
  .text               ro code  0x08003e84     0x4  startup_stm32f4xx.o [1]
  .text               ro code  0x08003e88     0x4  startup_stm32f4xx.o [1]
  .text               ro code  0x08003e8c     0x4  startup_stm32f4xx.o [1]
  .text               ro code  0x08003e90     0x4  startup_stm32f4xx.o [1]
  .text               ro code  0x08003e94     0x4  startup_stm32f4xx.o [1]
  .text               ro code  0x08003e98     0x4  startup_stm32f4xx.o [1]
  .text               ro code  0x08003e9c     0x4  startup_stm32f4xx.o [1]
  .text               ro code  0x08003ea0     0x4  startup_stm32f4xx.o [1]
  .text               ro code  0x08003ea4     0x4  startup_stm32f4xx.o [1]
  .text               ro code  0x08003ea8     0x4  startup_stm32f4xx.o [1]
  .text               ro code  0x08003eac     0x4  startup_stm32f4xx.o [1]
  .text               ro code  0x08003eb0     0x4  startup_stm32f4xx.o [1]
  .text               ro code  0x08003eb4     0x4  startup_stm32f4xx.o [1]
  .text               ro code  0x08003eb8     0x4  startup_stm32f4xx.o [1]
  .text               ro code  0x08003ebc     0x4  startup_stm32f4xx.o [1]
  .text               ro code  0x08003ec0     0x4  startup_stm32f4xx.o [1]
  .text               ro code  0x08003ec4     0x4  startup_stm32f4xx.o [1]
  .text               ro code  0x08003ec8     0x4  startup_stm32f4xx.o [1]
  .text               ro code  0x08003ecc     0x4  startup_stm32f4xx.o [1]
  .text               ro code  0x08003ed0     0x4  startup_stm32f4xx.o [1]
  .text               ro code  0x08003ed4     0x4  startup_stm32f4xx.o [1]
  .text               ro code  0x08003ed8     0x4  startup_stm32f4xx.o [1]
  .text               ro code  0x08003edc     0x4  startup_stm32f4xx.o [1]
  .text               ro code  0x08003ee0     0x4  startup_stm32f4xx.o [1]
  .text               ro code  0x08003ee4     0x4  startup_stm32f4xx.o [1]
  .rodata             const    0x08003ee8     0x0  zero_init3.o [5]
  .rodata             const    0x08003ee8     0x0  copy_init3.o [5]
                             - 0x08003ee8  0x3d60

"P2", part 1 of 3:                           0x38
  P2-1                         0x20000000    0x35  <Init block>
    .data             inited   0x20000000     0x4  main.o [1]
    .data             inited   0x20000004    0x10  stm32f4xx_rcc.o [1]
    .data             inited   0x20000014     0x4  system_stm32f4xx.o [1]
    .data             inited   0x20000018    0x10  tm_stm32f4_keypad.o [1]
    .data             inited   0x20000028     0x8  XShttio.o [3]
    __DLIB_PERTHREAD  inited   0x20000030     0x4  errno.o [3]
    .data             inited   0x20000034     0x1  tm_stm32f4_keypad.o [1]
                             - 0x20000035    0x35

"P2", part 2 of 3:                         0x2000
  CSTACK                       0x20000038  0x2000  <Block>
    CSTACK            uninit   0x20000038  0x2000  <Block tail>
                             - 0x20002038  0x2000

"P2", part 3 of 3:                           0xa4
  .bss                zero     0x20002038    0x18  main.o [1]
  .bss                zero     0x20002050    0x18  tm_stm32f4_delay.o [1]
  .bss                zero     0x20002068    0x18  tm_stm32f4_gpio.o [1]
  .bss                zero     0x20002080     0xc  main.o [1]
  .bss                zero     0x2000208c     0x4  main.o [1]
  .bss                zero     0x20002090     0x8  main.o [1]
  .bss                zero     0x20002098     0x8  main.o [1]
  .bss                zero     0x200020a0     0x8  main.o [1]
  .bss                zero     0x200020a8     0x8  main.o [1]
  .bss                zero     0x200020b0     0x8  main.o [1]
  .bss                zero     0x200020b8     0x8  main.o [1]
  .bss                zero     0x200020c0     0x4  main.o [1]
  .bss                zero     0x200020c4     0x4  main.o [1]
  .bss                zero     0x200020c8     0x4  main.o [1]
  .bss                zero     0x200020cc     0x4  tm_stm32f4_delay.o [1]
  .bss                zero     0x200020d0     0x4  tm_stm32f4_delay.o [1]
  .bss                zero     0x200020d4     0x4  tm_stm32f4_delay.o [1]
  .bss                zero     0x200020d8     0x2  tm_stm32f4_keypad.o [1]
  .bss                zero     0x200020da     0x1  tm_stm32f4_delay.o [1]
  .bss                zero     0x200020db     0x1  tm_stm32f4_keypad.o [1]
                             - 0x200020dc    0xa4


*******************************************************************************
*** INIT TABLE
***

          Address     Size
          -------     ----
Zero (__iar_zero_init3)
    1 destination range, total size 0xa4:
          0x20002038  0xa4

Copy (__iar_copy_init3)
    1 source range, total size 0x38 (105% of destination):
          0x08003be0  0x38
    1 destination range, total size 0x35:
          0x20000000  0x35



*******************************************************************************
*** MODULE SUMMARY
***

    Module               ro code  ro data  rw data
    ------               -------  -------  -------
C:\Users\Dell\Desktop\control algo\Debug\Obj: [1]
    MPU6050.o                700
    main.o                 7 092       28      104
    startup_stm32f4xx.o      772
    stm32f4xx_gpio.o         244
    stm32f4xx_i2c.o          462
    stm32f4xx_it.o            24
    stm32f4xx_rcc.o          308       16       16
    stm32f4xx_tim.o          626
    stm32f4xx_usart.o        232
    system_stm32f4xx.o       324        4        4
    tm_stm32f4_delay.o       400                37
    tm_stm32f4_disco.o        44
    tm_stm32f4_gpio.o        364                24
    tm_stm32f4_keypad.o      548       17       20
    ----------------------------------------------
    Total:                12 140       65      205

command line: [2]
    ----------------------------------------------
    Total:

dl7M_tln.a: [3]
    XShttio.o                  8        8        8
    errno.o                   12        4        4
    exit.o                     4
    low_level_init.o           4
    memset.o                  20
    xtls.o                     2
    ----------------------------------------------
    Total:                    50       12       12

m7M_tls.a: [4]
    DblAdd.o                 232
    DblCmpEq.o                32
    DblCmpGe.o                46
    DblCmpLe.o                46
    DblDiv.o                 598
    DblMul.o                 418
    DblSub.o                 384
    DblToFlt.o               144
    DblToI32.o                76
    FltToDbl.o                78
    I32ToDbl.o                44
    atan2.o                  244
    fpinit_M.o                34
    sqrt.o                   256
    trunc.o                   24
    xatan.o                  496
    xdint.o                  122
    xdtest.o                  64
    ----------------------------------------------
    Total:                 3 338

rt7M_tl.a: [5]
    ABImemclr4.o               6
    ABImemset.o              102
    ABImemset48.o             50
    cexit.o                   10
    cmain.o                   26
    copy_init3.o              44
    cstartup_M.o              12
    data_init.o               40
    iarEdom.o                 12
    zero_init3.o              64
    ----------------------------------------------
    Total:                   366

shb_l.a: [6]
    exit.o                    20
    iarttio.o                 48
    ----------------------------------------------
    Total:                    68

    Gaps                      22        2
    Linker created                     41    8 192
--------------------------------------------------
    Grand Total:          15 984      120    8 409


*******************************************************************************
*** ENTRY LIST
***

Entry                      Address   Size  Type      Object
-----                      -------   ----  ----      ------
.iar.init_table$$Base   0x08003cc8          --   Gb  - Linker created -
.iar.init_table$$Limit  0x08003cec          --   Gb  - Linker created -
?main                   0x08003ced         Code  Gb  cmain.o [5]
APBAHBPrescTable        0x20000004   0x10  Data  Lc  stm32f4xx_rcc.o [1]
AccelGyro               0x20002080    0xc  Data  Gb  main.o [1]
BusFault_Handler        0x08003d4f    0x2  Code  Gb  stm32f4xx_it.o [1]
CSTACK$$Base            0x20000038          --   Gb  - Linker created -
CSTACK$$Limit           0x20002038          --   Gb  - Linker created -
CustomTimers            0x20002050   0x18  Data  Lc  tm_stm32f4_delay.o [1]
DebugMon_Handler        0x08003d55    0x2  Code  Gb  stm32f4xx_it.o [1]
GPIO_Init               0x08001e71   0xa4  Code  Gb  stm32f4xx_gpio.o [1]
GPIO_PinAFConfig        0x08001f15   0x50  Code  Gb  stm32f4xx_gpio.o [1]
GPIO_UsedPins           0x20002068   0x18  Data  Lc  tm_stm32f4_gpio.o [1]
HardFault_Handler       0x08003d4b    0x2  Code  Gb  stm32f4xx_it.o [1]
I2C_AcknowledgeConfig   0x0800209f   0x1c  Code  Gb  stm32f4xx_i2c.o [1]
I2C_CheckEvent          0x080020c7   0x2a  Code  Gb  stm32f4xx_i2c.o [1]
I2C_Cmd                 0x08002035   0x1c  Code  Gb  stm32f4xx_i2c.o [1]
I2C_GenerateSTART       0x08002051   0x1c  Code  Gb  stm32f4xx_i2c.o [1]
I2C_GenerateSTOP        0x0800206d   0x1c  Code  Gb  stm32f4xx_i2c.o [1]
I2C_GetFlagStatus       0x080020f1   0x42  Code  Gb  stm32f4xx_i2c.o [1]
I2C_Init                0x08001f65   0xc0  Code  Gb  stm32f4xx_i2c.o [1]
I2C_ReceiveData         0x080020c1    0x6  Code  Gb  stm32f4xx_i2c.o [1]
I2C_Send7bitAddress     0x08002089   0x16  Code  Gb  stm32f4xx_i2c.o [1]
I2C_SendData            0x080020bb    0x6  Code  Gb  stm32f4xx_i2c.o [1]
I2C_init                0x080001f3   0xf4  Code  Gb  main.o [1]
I2C_read_nack           0x080003c1   0x2c  Code  Gb  main.o [1]
I2C_start               0x080002e7   0x66  Code  Gb  main.o [1]
I2C_start2              0x0800034d   0x58  Code  Gb  main.o [1]
I2C_write               0x080003a5   0x1c  Code  Gb  main.o [1]
KEYPAD_INT_Buttons      0x20000018   0x10  Data  Gb  tm_stm32f4_keypad.o [1]
KeypadStatus            0x20000034    0x1  Data  Lc  tm_stm32f4_keypad.o [1]
MPU6050_GetRawAccelGyro
                        0x08002a5b   0x5a  Code  Gb  MPU6050.o [1]
MPU6050_I2C_BufferRead  0x08002bc3   0xce  Code  Gb  MPU6050.o [1]
MPU6050_I2C_ByteWrite   0x08002b5b   0x68  Code  Gb  MPU6050.o [1]
MPU6050_Initialize      0x080029f1   0x1c  Code  Gb  MPU6050.o [1]
MPU6050_SetClockSource  0x08002a0d   0x14  Code  Gb  MPU6050.o [1]
MPU6050_SetFullScaleAccelRange
                        0x08002a35   0x14  Code  Gb  MPU6050.o [1]
MPU6050_SetFullScaleGyroRange
                        0x08002a21   0x14  Code  Gb  MPU6050.o [1]
MPU6050_SetSleepModeStatus
                        0x08002a49   0x12  Code  Gb  MPU6050.o [1]
MPU6050_WriteBit        0x08002b0d   0x4e  Code  Gb  MPU6050.o [1]
MPU6050_WriteBits       0x08002ab5   0x58  Code  Gb  MPU6050.o [1]
MemManage_Handler       0x08003d4d    0x2  Code  Gb  stm32f4xx_it.o [1]
NMI_Handler             0x08003d49    0x2  Code  Gb  stm32f4xx_it.o [1]
NVIC_SetPriority        0x08000189   0x26  Code  Lc  main.o [1]
NVIC_SetPriority        0x080032f5   0x22  Code  Lc  tm_stm32f4_delay.o [1]
PendSV_Handler          0x08003d57    0x2  Code  Gb  stm32f4xx_it.o [1]
RCC_AHB1PeriphClockCmd  0x08001e15   0x20  Code  Gb  stm32f4xx_rcc.o [1]
RCC_APB1PeriphClockCmd  0x08001e35   0x20  Code  Gb  stm32f4xx_rcc.o [1]
RCC_GetClocksFreq       0x08001d3d   0xd8  Code  Gb  stm32f4xx_rcc.o [1]
REF                     0x20000000    0x4  Data  Gb  main.o [1]
Region$$Table$$Base     0x08003cc8          --   Gb  - Linker created -
Region$$Table$$Limit    0x08003cec          --   Gb  - Linker created -
SVC_Handler             0x08003d53    0x2  Code  Gb  stm32f4xx_it.o [1]
SetPitch                0x08000631   0x2e  Code  Gb  main.o [1]
SetRoll                 0x08000607   0x2a  Code  Gb  main.o [1]
SetSysClock             0x080031f7   0xce  Code  Lc  system_stm32f4xx.o [1]
SetSysTick              0x080005eb   0x1c  Code  Gb  main.o [1]
SysTick_Config          0x080001af   0x36  Code  Lc  main.o [1]
SysTick_Config          0x08003317   0x30  Code  Lc  tm_stm32f4_delay.o [1]
SysTick_Handler         0x08003347   0xde  Code  Gb  tm_stm32f4_delay.o [1]
SystemCoreClock         0x20000014    0x4  Data  Gb  system_stm32f4xx.o [1]
SystemInit              0x080031b1   0x46  Code  Gb  system_stm32f4xx.o [1]
TIM1_CC_IRQHandler      0x08003d5f    0x2  Code  Gb  stm32f4xx_it.o [1]
TIM2_IRQHandler         0x08003d59    0x2  Code  Gb  stm32f4xx_it.o [1]
TIM3_IRQHandler         0x08003d5b    0x2  Code  Gb  stm32f4xx_it.o [1]
TIM4_IRQHandler         0x08003d5d    0x2  Code  Gb  stm32f4xx_it.o [1]
TIM_ARRPreloadConfig    0x08002285   0x1c  Code  Gb  stm32f4xx_tim.o [1]
TIM_Cmd                 0x080022a1   0x1c  Code  Gb  stm32f4xx_tim.o [1]
TIM_OC1Init             0x080022bd   0x78  Code  Gb  stm32f4xx_tim.o [1]
TIM_OC1PreloadConfig    0x0800245d   0x10  Code  Gb  stm32f4xx_tim.o [1]
TIM_OC2Init             0x08002335   0x86  Code  Gb  stm32f4xx_tim.o [1]
TIM_OC2PreloadConfig    0x0800246d   0x12  Code  Gb  stm32f4xx_tim.o [1]
TIM_OC3Init             0x080023bb   0x84  Code  Gb  stm32f4xx_tim.o [1]
TIM_OC3PreloadConfig    0x0800247f   0x10  Code  Gb  stm32f4xx_tim.o [1]
TIM_TimeBaseInit        0x0800221d   0x68  Code  Gb  stm32f4xx_tim.o [1]
TM_DELAY_1msHandler     0x08001d35    0x8  Code  Gb  main.o [1]
TM_DELAY_Init           0x08003425   0x2e  Code  Gb  tm_stm32f4_delay.o [1]
TM_DELAY_Initialized    0x200020da    0x1  Data  Gb  tm_stm32f4_delay.o [1]
TM_DISCO_LedInit        0x08003485   0x24  Code  Gb  tm_stm32f4_disco.o [1]
TM_GPIO_GetPortSource   0x08003a59    0xa  Code  Gb  tm_stm32f4_gpio.o [1]
TM_GPIO_INT_EnableClock
                        0x08003a63   0x18  Code  Gb  tm_stm32f4_gpio.o [1]
TM_GPIO_INT_Init        0x08003a7b  0x10a  Code  Gb  tm_stm32f4_gpio.o [1]
TM_GPIO_Init            0x08003a25   0x34  Code  Gb  tm_stm32f4_gpio.o [1]
TM_KEYPAD_INT_CheckRow  0x080035c9   0x56  Code  Gb  tm_stm32f4_keypad.o [1]
TM_KEYPAD_INT_KeypadType
                        0x200020db    0x1  Data  Gb  tm_stm32f4_keypad.o [1]
TM_KEYPAD_INT_Read      0x0800361f   0x66  Code  Gb  tm_stm32f4_keypad.o [1]
TM_KEYPAD_INT_SetColumn
                        0x08003577   0x52  Code  Gb  tm_stm32f4_keypad.o [1]
TM_KEYPAD_Init          0x080034b1   0xb8  Code  Gb  tm_stm32f4_keypad.o [1]
TM_KEYPAD_Read          0x08003569    0xe  Code  Gb  tm_stm32f4_keypad.o [1]
TM_KEYPAD_Update        0x08003685   0x2c  Code  Gb  tm_stm32f4_keypad.o [1]
TM_KEYPAD_Update::millis
                        0x200020d8    0x2  Data  Lc  tm_stm32f4_keypad.o [1]
TM_Time                 0x200020cc    0x4  Data  Gb  tm_stm32f4_delay.o [1]
TM_Time2                0x200020d0    0x4  Data  Gb  tm_stm32f4_delay.o [1]
USART_Cmd               0x080021f9   0x1c  Code  Gb  stm32f4xx_usart.o [1]
USART_Init              0x08002135   0xb6  Code  Gb  stm32f4xx_usart.o [1]
USART_SendData          0x08002215    0x8  Code  Gb  stm32f4xx_usart.o [1]
USART_puts              0x080004b9   0x24  Code  Gb  main.o [1]
UsageFault_Handler      0x08003d51    0x2  Code  Gb  stm32f4xx_it.o [1]
__aeabi_cdcmpeq         0x08002cb5         Code  Gb  DblCmpEq.o [4]
__aeabi_cdcmple         0x08002f59         Code  Gb  DblCmpLe.o [4]
__aeabi_cdrcmple        0x08002f89         Code  Gb  DblCmpGe.o [4]
__aeabi_d2f             0x08002685         Code  Gb  DblToFlt.o [4]
__aeabi_d2iz            0x08003165         Code  Gb  DblToI32.o [4]
__aeabi_dadd            0x08002715         Code  Gb  DblAdd.o [4]
__aeabi_ddiv            0x08002d01         Code  Gb  DblDiv.o [4]
__aeabi_dmul            0x080024e1         Code  Gb  DblMul.o [4]
__aeabi_dsub            0x08002fcd         Code  Gb  DblSub.o [4]
__aeabi_errno_addr      0x08003b91    0x6  Code  Gb  errno.o [3]
__aeabi_f2d             0x08002491         Code  Gb  FltToDbl.o [4]
__aeabi_i2d             0x08002cd5         Code  Gb  I32ToDbl.o [4]
__aeabi_memclr4         0x08002cad         Code  Gb  ABImemclr4.o [5]
__aeabi_memset          0x08003945         Code  Gb  ABImemset.o [5]
__cmain                 0x08003ced         Code  Gb  cmain.o [5]
__exit                  0x08003d1d   0x14  Code  Gb  exit.o [6]
__iar_Atan              0x08003721  0x158  Code  Gb  xatan.o [4]
__iar_Dint              0x080039ab   0x7a  Code  Gb  xdint.o [4]
__iar_Dtest             0x080036e1   0x30  Code  Gb  xdtest.o [4]
__iar_Errno             0x20000030    0x4  Data  Gb  errno.o [3]
__iar_Memset            0x08003945         Code  Gb  ABImemset.o [5]
__iar_Memset4_word      0x08003911         Code  Gb  ABImemset48.o [5]
__iar_Memset8_word      0x08003911         Code  Gb  ABImemset48.o [5]
__iar_Memset_word       0x0800394d         Code  Gb  ABImemset.o [5]
__iar_close_ttio        0x08003c19   0x2e  Code  Gb  iarttio.o [6]
__iar_copy_init3        0x08003c51   0x2c  Code  Gb  copy_init3.o [5]
__iar_d2uiz             0x08003191         Code  Gb  DblToI32.o [4]
__iar_dadd              0x08002729         Code  Gb  DblAdd.o [4]
__iar_data_init3        0x08003c7d   0x28  Code  Gb  data_init.o [5]
__iar_dlib_perthread_access
                        0x08003b9d    0x2  Code  Gb  xtls.o [3]
__iar_dsub              0x08002fe1         Code  Gb  DblSub.o [4]
__iar_dsubStart         0x08002ff3         Code  Gb  DblSub.o [4]
__iar_edom              0x080036d5         Code  Gb  iarEdom.o [5]
__iar_init_vfp          0x08003ca5         Code  Gb  fpinit_M.o [4]
__iar_lookup_ttioh      0x08003c49    0x8  Code  Gb  XShttio.o [3]
__iar_program_start     0x08003d71         Code  Gb  cstartup_M.o [5]
__iar_sqrt              0x0800280d         Code  Gb  sqrt.o [4]
__iar_ttio_handles      0x20000028    0x8  Data  Lc  XShttio.o [3]
__iar_ui2d              0x08002ce9         Code  Gb  I32ToDbl.o [4]
__iar_vfp_atan2         0x080029dd   0x14  Code  Gb  atan2.o [4]
__iar_vfp_sqrt          0x080027fd         Code  Gb  sqrt.o [4]
__iar_vfp_sqrtl         0x080027fd         Code  Gb  sqrt.o [4]
__iar_vfp_trunc         0x0800314d   0x18  Code  Gb  trunc.o [4]
__iar_zero_init3        0x08003b9f   0x40  Code  Gb  zero_init3.o [5]
__low_level_init        0x08003d07    0x4  Code  Gb  low_level_init.o [3]
__vector_table          0x08000000         Data  Gb  startup_stm32f4xx.o [1]
_call_main              0x08003cf9         Code  Gb  cmain.o [5]
_exit                   0x08003d11         Code  Gb  cexit.o [5]
_main                   0x08003d03         Code  Gb  cmain.o [5]
a                       0x080038d0   0x40  Data  Lc  xatan.o [4]
atan2                   0x080028fd   0xd0  Code  Gb  atan2.o [4]
avg                     0x0800079d   0x2c  Code  Gb  main.o [1]
concatenateToaa         0x20002038   0x18  Data  Gb  main.o [1]
dec_to_str              0x08001735   0x26  Code  Gb  main.o [1]
delay                   0x080001e5    0xe  Code  Gb  main.o [1]
dist                    0x0800069d   0x40  Code  Gb  main.o [1]
exit                    0x08003d0b    0x4  Code  Gb  exit.o [3]
get_x_rotation          0x0800072f   0x48  Code  Gb  main.o [1]
get_y_rotation          0x080006dd   0x50  Code  Gb  main.o [1]
get_z_rotation          0x08000777   0x24  Code  Gb  main.o [1]
init_USART3             0x08000427   0x92  Code  Gb  main.o [1]
initializeMotor         0x080004dd  0x10e  Code  Gb  main.o [1]
lanes_mode              0x08000809  0x7a4  Code  Gb  main.o [1]
main                    0x08001a5d  0x278  Code  Gb  main.o [1]
memset                  0x08002fb7   0x14  Code  Gb  memset.o [3]
mult                    0x200020d4    0x4  Data  Gb  tm_stm32f4_delay.o [1]
pitch                   0x20002090    0x8  Data  Gb  main.o [1]
pitch_in_180_range      0x0800067f   0x1e  Code  Gb  main.o [1]
pitch_total             0x200020a8    0x8  Data  Gb  main.o [1]
readByte                0x080003ed   0x3a  Code  Gb  main.o [1]
roll                    0x200020a0    0x8  Data  Gb  main.o [1]
roll_total              0x200020b8    0x8  Data  Gb  main.o [1]
sendToLogger            0x0800175d  0x2f2  Code  Gb  main.o [1]
sqrt                    0x0800280d         Code  Gb  sqrt.o [4]
sqrtl                   0x0800280d         Code  Gb  sqrt.o [4]
stabilize_mode          0x08000ffd  0x714  Code  Gb  main.o [1]
temp                    0x2000208c    0x4  Data  Gb  main.o [1]
tmpVal                  0x200020c0    0x4  Data  Gb  main.o [1]
tmpValP                 0x200020c4    0x4  Data  Gb  main.o [1]
tmpValR                 0x200020c8    0x4  Data  Gb  main.o [1]
yaw                     0x20002098    0x8  Data  Gb  main.o [1]
yaw_in_170_range        0x0800065f   0x20  Code  Gb  main.o [1]
yaw_total               0x200020b0    0x8  Data  Gb  main.o [1]


[1] = C:\Users\Dell\Desktop\control algo\Debug\Obj
[2] = command line
[3] = dl7M_tln.a
[4] = m7M_tls.a
[5] = rt7M_tl.a
[6] = shb_l.a

  15 984 bytes of readonly  code memory
     120 bytes of readonly  data memory
   8 409 bytes of readwrite data memory

Errors: none
Warnings: none
